src/common/cacheManager.config.ts(4,28): error TS2307: Cannot find module 'cache-manager-redis-store' or its corresponding type declarations.
src/common/decorators/adult-decorator.ts(30,42): error TS18048: 'validationArguments' is possibly 'undefined'.
src/common/decorators/pagination-query.decorator.ts(3,36): error TS2307: Cannot find module '@/database/db.service' or its corresponding type declarations.
src/common/decorators/pagination-query.decorator.ts(7,37): error TS2345: Argument of type 'PaginateConfig<any> | undefined' is not assignable to parameter of type 'PaginateConfig<any>'.
  Type 'undefined' is not assignable to type 'PaginateConfig<any>'.
src/common/decorators/post-authorize.decorator.ts(1,29): error TS2307: Cannot find module '@/modules/auth/dto/auth-user.dto' or its corresponding type declarations.
src/common/dto/metadata.dto.ts(2,27): error TS2307: Cannot find module '@/database/entities/embeded/metadata.entity' or its corresponding type declarations.
src/common/exceptions/InsufficientBalanceException.ts(3,28): error TS2307: Cannot find module '@/common/error-codes' or its corresponding type declarations.
src/common/filters/db-exception.filter.ts(1,29): error TS2307: Cannot find module '@/database/db.errors' or its corresponding type declarations.
src/common/filters/general-exception.filter.ts(1,40): error TS2307: Cannot find module '@/app-setup' or its corresponding type declarations.
src/common/filters/general-exception.filter.ts(2,46): error TS2307: Cannot find module '@/common/models/error-response' or its corresponding type declarations.
src/common/filters/general-exception.filter.ts(3,26): error TS2307: Cannot find module '@/database/db.errors' or its corresponding type declarations.
src/common/filters/general-exception.filter.ts(4,37): error TS2307: Cannot find module '@/i18n/localization.service' or its corresponding type declarations.
src/common/filters/general-exception.filter.ts(42,9): error TS2322: Type 'undefined' is not assignable to type 'FieldError[]'.
src/common/filters/general-exception.filter.ts(78,17): error TS18046: 'exception' is of type 'unknown'.
src/common/filters/general-exception.filter.ts(79,19): error TS18046: 'exception' is of type 'unknown'.
src/common/firebase/firebase.config.ts(1,24): error TS2307: Cannot find module 'firebase-admin' or its corresponding type declarations.
src/common/firebase/firestore.service.ts(3,26): error TS2307: Cannot find module '@/database/entities/employee.entity' or its corresponding type declarations.
src/common/interceptors/file-interceptor-options.ts(1,28): error TS2307: Cannot find module '@/common/error-codes' or its corresponding type declarations.
src/common/interceptors/file-interceptor-options.ts(2,28): error TS2307: Cannot find module '@/common/models/error-response' or its corresponding type declarations.
src/common/interceptors/metadata.interceptor.ts(8,27): error TS2307: Cannot find module '@/database/entities/embeded/metadata.entity' or its corresponding type declarations.
src/common/logger.middleware.ts(1,29): error TS2307: Cannot find module '@/database/entities/activity-log.entity' or its corresponding type declarations.
src/common/logger.middleware.ts(4,28): error TS2307: Cannot find module 'request-ip' or its corresponding type declarations.
src/common/logger.middleware.ts(6,29): error TS2307: Cannot find module '../modules/auth/dto/auth-user.dto' or its corresponding type declarations.
src/common/logger.middleware.ts(7,29): error TS2307: Cannot find module '../modules/logs/logs.service' or its corresponding type declarations.
src/common/mailer/email.module.ts(2,30): error TS2307: Cannot find module '@nestjs-modules/mailer' or its corresponding type declarations.
src/common/mailer/email.module.ts(3,35): error TS2307: Cannot find module '@nestjs-modules/mailer/dist/adapters/handlebars.adapter' or its corresponding type declarations.
src/common/mailer/email.service.ts(2,31): error TS2307: Cannot find module '@nestjs-modules/mailer' or its corresponding type declarations.
src/common/models/session.dto.ts(1,29): error TS2307: Cannot find module '@/modules/auth/dto/auth-user.dto' or its corresponding type declarations.
src/common/multer/multer.config.ts(3,28): error TS2307: Cannot find module '@/common/error-codes' or its corresponding type declarations.
src/common/nid-util.ts(1,35): error TS2307: Cannot find module 'date-fns' or its corresponding type declarations.
src/common/pushNotifications.service.ts(2,61): error TS2307: Cannot find module 'expo-server-sdk' or its corresponding type declarations.
src/common/pushNotifications.service.ts(61,22): error TS2339: Property 'status' does not exist on type '{}'.
src/common/pushNotifications.service.ts(64,21): error TS2339: Property 'message' does not exist on type '{}'.
src/common/pushNotifications.service.ts(67,23): error TS2339: Property 'details' does not exist on type '{}'.
src/common/pushNotifications.service.ts(68,35): error TS2339: Property 'details' does not exist on type '{}'.
src/common/shared.module.ts(2,32): error TS2307: Cannot find module './storage.service' or its corresponding type declarations.
src/common/shared.module.ts(3,34): error TS2307: Cannot find module './gc-storage.service' or its corresponding type declarations.
src/modules/auth/auth.controller.ts(23,29): error TS2307: Cannot find module '../../common/decorators/current-user.decorator' or its corresponding type declarations.
src/modules/auth/auth.module.ts(8,29): error TS1261: Already included file name 'E:/Work_canada/backend/src/modules/auth/strategies/jwt.strategy.ts' differs from file name 'E:/Work_canada/backend/src/modules/auth/strategies/Jwt.strategy.ts' only in casing.
  The file is in the program because:
    Imported via './strategies/jwt.strategy' from file 'E:/Work_canada/backend/src/modules/auth/auth.module.ts'
    Matched by default include pattern '**/*'
src/modules/auth/casl-ability.factory.ts(1,22): error TS2307: Cannot find module '@/database/entities/user.entity' or its corresponding type declarations.
src/modules/auth/casl-ability.factory.ts(11,8): error TS2307: Cannot find module '@casl/ability' or its corresponding type declarations.
src/modules/auth/casl-ability.factory.ts(15,29): error TS2307: Cannot find module './dto/auth-user.dto' or its corresponding type declarations.
src/modules/auth/decorators/auth-user.decorator.ts(2,29): error TS2307: Cannot find module '../dto/auth-user.dto' or its corresponding type declarations.
src/modules/auth/guards/branch-access.guard.ts(8,29): error TS2307: Cannot find module '../dto/auth-user.dto' or its corresponding type declarations.
src/modules/auth/guards/branch-access.guard.ts(9,28): error TS2307: Cannot find module '@/common/error-codes' or its corresponding type declarations.
src/modules/auth/guards/jwt-auth.guard.ts(12,29): error TS2307: Cannot find module './dto/auth-user.dto' or its corresponding type declarations.
src/modules/auth/guards/jwt-auth.guard.ts(13,28): error TS2307: Cannot find module '@/common/error-codes' or its corresponding type declarations.
src/modules/auth/guards/subscribed.guard.ts(2,30): error TS2307: Cannot find module '../jwt-auth.guard' or its corresponding type declarations.
src/modules/auth/policies.types.ts(1,44): error TS2307: Cannot find module '@casl/ability' or its corresponding type declarations.
src/modules/auth/strategies/jwt.strategy.ts(9,11): error TS2345: Argument of type '[{ jwtFromRequest: JwtFromRequestFunction<any>; ignoreExpiration: false; secretOrKey: string | Buffer<ArrayBufferLike> | undefined; }]' is not assignable to parameter of type '[opt: StrategyOptionsWithRequest] | [opt: StrategyOptionsWithoutRequest]'.
  Type '[{ jwtFromRequest: JwtFromRequestFunction<any>; ignoreExpiration: false; secretOrKey: string | Buffer<ArrayBufferLike> | undefined; }]' is not assignable to type '[opt: StrategyOptionsWithoutRequest]'.
    Type '{ jwtFromRequest: JwtFromRequestFunction<any>; ignoreExpiration: false; secretOrKey: string | Buffer<ArrayBufferLike> | undefined; }' is not assignable to type 'StrategyOptionsWithoutRequest'.
      Type '{ jwtFromRequest: JwtFromRequestFunction<any>; ignoreExpiration: false; secretOrKey: string | Buffer<ArrayBufferLike> | undefined; }' is not assignable to type 'Omit<WithSecretOrKey, "secretOrKeyProvider"> & { passReqToCallback?: false | undefined; }'.
        Type '{ jwtFromRequest: JwtFromRequestFunction<any>; ignoreExpiration: false; secretOrKey: string | Buffer<ArrayBufferLike> | undefined; }' is not assignable to type 'Omit<WithSecretOrKey, "secretOrKeyProvider">'.
          Types of property 'secretOrKey' are incompatible.
            Type 'string | Buffer<ArrayBufferLike> | undefined' is not assignable to type 'string | Buffer<ArrayBufferLike>'.
              Type 'undefined' is not assignable to type 'string | Buffer<ArrayBufferLike>'.
src/modules/companies/companies.controller.ts(5,29): error TS2307: Cannot find module '../../common/decorators/current-user.decorator' or its corresponding type declarations.
src/modules/departments/departments.controller.ts(33,18): error TS2304: Cannot find name 'AuthUser'.
src/modules/departments/departments.controller.ts(50,27): error TS2304: Cannot find name 'CurrentUser'.
src/modules/departments/departments.controller.ts(58,6): error TS2304: Cannot find name 'CurrentUser'.
src/modules/departments/departments.controller.ts(68,6): error TS2304: Cannot find name 'CurrentUser'.
src/modules/departments/departments.controller.ts(86,6): error TS2304: Cannot find name 'CurrentUser'.
src/modules/departments/departments.controller.ts(95,6): error TS2304: Cannot find name 'CurrentUser'.
src/modules/invitations/invitations.controller.ts(15,29): error TS2307: Cannot find module '../../common/decorators/current-user.decorator' or its corresponding type declarations.
src/modules/invitations/invitations.service.ts(108,39): error TS2769: No overload matches this call.
  Overload 1 of 3, '(entityLikeArray: DeepPartial<User>[]): User[]', gave the following error.
    Object literal may only specify known properties, and 'id' does not exist in type 'DeepPartial<User>[]'.
  Overload 2 of 3, '(entityLike: DeepPartial<User>): User', gave the following error.
    Object literal may only specify known properties, and 'password' does not exist in type 'DeepPartial<User>'.
src/modules/invitations/invitations.service.ts(128,5): error TS2740: Type 'User[]' is missing the following properties from type 'User': companyId, locationId, email, firstName, and 13 more.
src/modules/locations/locations.controller.ts(5,29): error TS2307: Cannot find module '../../common/decorators/current-user.decorator' or its corresponding type declarations.
src/modules/schedule/schedule.controller.ts(21,29): error TS2307: Cannot find module '../../common/decorators/current-user.decorator' or its corresponding type declarations.
src/modules/schedule/schedule.service.ts(9,8): error TS2307: Cannot find module '../../common/types/pagination.types' or its corresponding type declarations.
src/modules/settings/settings.controller.ts(23,29): error TS2307: Cannot find module '../../common/decorators/current-user.decorator' or its corresponding type declarations.
src/modules/time-segments/time-segments.controller.ts(26,29): error TS2307: Cannot find module '../../common/decorators/current-user.decorator' or its corresponding type declarations.
src/modules/users/users.controller.ts(5,29): error TS2307: Cannot find module '../../common/decorators/current-user.decorator' or its corresponding type declarations.
src/modules/work-orders/work-orders.controller.ts(28,29): error TS2307: Cannot find module '../../common/decorators/current-user.decorator' or its corresponding type declarations.
test/auth.e2e-spec.ts(65,30): error TS2349: This expression is not callable.
  Type '{ default: SuperTestStatic; Test: typeof Test; agent: typeof TestAgent & ((app?: App | undefined, options?: AgentOptions | undefined) => TestAgent<...>); }' has no call signatures.
test/auth.e2e-spec.ts(84,30): error TS2349: This expression is not callable.
  Type '{ default: SuperTestStatic; Test: typeof Test; agent: typeof TestAgent & ((app?: App | undefined, options?: AgentOptions | undefined) => TestAgent<...>); }' has no call signatures.
test/auth.e2e-spec.ts(96,30): error TS2349: This expression is not callable.
  Type '{ default: SuperTestStatic; Test: typeof Test; agent: typeof TestAgent & ((app?: App | undefined, options?: AgentOptions | undefined) => TestAgent<...>); }' has no call signatures.
