yarn run v1.22.22
$ cross-env NODE_ENV=test DATABASE_HOST=localhost DATABASE_PORT=5433 DATABASE_USERNAME=postgres DATABASE_PASSWORD=postgres123 DATABASE_NAME=dova_test JWT_SECRET=test-e2e-jwt REFRESH_TOKEN_SECRET=test-e2e-refresh jest --config ./test/jest-e2e.json --runInBand
node.exe : FAIL 
test/work-orders.e2e-spec.ts
At C:\nvm4w\nodejs\yarn.ps1:16 
char:5
+     & "$basedir/node$exe"  "$base
dir/node_modules/yarn/bin/yarn.js" 
$ ...
+     ~~~~~~~~~~~~~~~~~~~~~~~~~~~~~
~~~~~~~~~~~~~~~~~~~~~~~~~~~~~~~~~~~
~
    + CategoryInfo          : NotS 
   pecified: (FAIL test/work-orde  
  rs.e2e-spec.ts:String) [], Rem   
 oteException
    + FullyQualifiedErrorId : Nati 
   veCommandError
 
  ÔùÅ Test suite failed to run

    [91merror[0m[90m TS5098: 
[0mOption 
'resolvePackageJsonExports' can 
only be used when 
'moduleResolution' is set to 
'node16', 'nodenext', or 'bundler'.

FAIL test/auth.e2e-spec.ts
  ÔùÅ Test suite failed to run

    [91merror[0m[90m TS5098: 
[0mOption 
'resolvePackageJsonExports' can 
only be used when 
'moduleResolution' is set to 
'node16', 'nodenext', or 'bundler'.

FAIL test/app.e2e-spec.ts
  ÔùÅ Test suite failed to run

    [91merror[0m[90m TS5098: 
[0mOption 
'resolvePackageJsonExports' can 
only be used when 
'moduleResolution' is set to 
'node16', 'nodenext', or 'bundler'.

Test Suites: 3 failed, 3 total
Tests:       0 total
Snapshots:   0 total
Time:        0.894 s
Ran all test suites.
error Command failed with exit 
code 1.
info Visit https://yarnpkg.com/en/docs/cli/run for documentation about this command.
